gplink-1.4.0 #1107 (Apr  3 2018)
Copyright (c) 1998-2014 gputils project
Listing File Generated: 4-3-2024  21:56:01
 
 
Address  Value    Disassembly              Source
-------  -----    -----------              ------
                                           ;--------------------------------------------------------
                                           ; File Created by SDCC : free open source ANSI-C Compiler
                                           ; Version 4.0.0 #11528 (Linux)
                                           ;--------------------------------------------------------
                                           ; PIC port for the 14-bit core
                                           ;--------------------------------------------------------
                                           ;	.file	"labo1_B83712.c"
                                           	list	p=12f675
                                           	radix dec
                                           	include "p12f675.inc"
                                                   LIST
                                           
                                           ;==========================================================================
                                           ; Build date : Aug 07 2014
                                           ;  MPASM PIC12F675 processor include
                                           ; 
                                           ;  (c) Copyright 1999-2014 Microchip Technology, All rights reserved
                                           ;==========================================================================
                                           
                                                   NOLIST
                                           ;--------------------------------------------------------
                                           ; config word(s)
                                           ;--------------------------------------------------------
002007   3fd7     addlw   0xd7             	__config 0x3fd7
                                           ;--------------------------------------------------------
                                           ; external declarations
                                           ;--------------------------------------------------------
                                           	extern	_ANSEL
                                           	extern	_TRISIO
                                           	extern	_GPIO
                                           	extern	_GPIObits
                                           	extern	__sdcc_gsinit_startup
                                           ;--------------------------------------------------------
                                           ; global declarations
                                           ;--------------------------------------------------------
                                           	global	_main
                                           	global	_delay
                                           
                                           	global PSAVE
                                           	global SSAVE
                                           	global WSAVE
                                           	global STK12
                                           	global STK11
                                           	global STK10
                                           	global STK09
                                           	global STK08
                                           	global STK07
                                           	global STK06
                                           	global STK05
                                           	global STK04
                                           	global STK03
                                           	global STK02
                                           	global STK01
                                           	global STK00
                                           
                                           sharebank udata_ovr 0x0020
                                           PSAVE	res 1
                                           SSAVE	res 1
                                           WSAVE	res 1
                                           STK12	res 1
                                           STK11	res 1
                                           STK10	res 1
                                           STK09	res 1
                                           STK08	res 1
                                           STK07	res 1
                                           STK06	res 1
                                           STK05	res 1
                                           STK04	res 1
                                           STK03	res 1
                                           STK02	res 1
                                           STK01	res 1
                                           STK00	res 1
                                           
                                           ;--------------------------------------------------------
                                           ; global definitions
                                           ;--------------------------------------------------------
                                           ;--------------------------------------------------------
                                           ; absolute symbol definitions
                                           ;--------------------------------------------------------
                                           ;--------------------------------------------------------
                                           ; compiler-defined variables
                                           ;--------------------------------------------------------
                                           UDL_labo1_B83712_0	udata
                                           r0x1008	res	1
                                           r0x1009	res	1
                                           r0x100A	res	1
                                           r0x1001	res	1
                                           r0x1000	res	1
                                           r0x1002	res	1
                                           r0x1003	res	1
                                           r0x1004	res	1
                                           r0x1005	res	1
                                           r0x1006	res	1
                                           r0x1007	res	1
                                           ;--------------------------------------------------------
                                           ; initialized data
                                           ;--------------------------------------------------------
                                           ;--------------------------------------------------------
                                           ; initialized absolute data
                                           ;--------------------------------------------------------
                                           ;--------------------------------------------------------
                                           ; overlayable items in internal ram 
                                           ;--------------------------------------------------------
                                           ;	udata_ovr
                                           ;--------------------------------------------------------
                                           ; reset vector 
                                           ;--------------------------------------------------------
                                           STARTUP	code 0x0000
000000   0000     nop                      	nop
                                           	pagesel __sdcc_gsinit_startup
000001   2802     goto    0x0002           	goto	__sdcc_gsinit_startup
                                           ;--------------------------------------------------------
                                           ; code
                                           ;--------------------------------------------------------
                                           code_labo1_B83712	code
                                           ;***
                                           ;  pBlock Stats: dbName = M
                                           ;***
                                           ;has an exit
                                           ;functions called:
                                           ;   _delay
                                           ;   _delay
                                           ;4 compiler assigned registers:
                                           ;   r0x1008
                                           ;   r0x1009
                                           ;   r0x100A
                                           ;   STK00
                                           ;; Starting pCode block
                                           S_labo1_B83712__main	code
                                           _main:
                                           ; 2 exit points
                                           ;	.line	14; "labo1_B83712.c"	TRISIO = 0b00001000; // Poner todos los pines como salidas
00009e   3008     movlw   0x08             	MOVLW	0x08
00009f   1683     bsf     0x03, 0x5        	BANKSEL	_TRISIO
0000a0   0085     movwf   0x05             	MOVWF	_TRISIO
                                           ;	.line	15; "labo1_B83712.c"	GPIO = 0x00;		 // Poner pines en bajo
0000a1   1283     bcf     0x03, 0x5        	BANKSEL	_GPIO
0000a2   0185     clrf    0x05             	CLRF	_GPIO
                                           ;	.line	16; "labo1_B83712.c"	ANSEL = 0b0001000;
0000a3   3008     movlw   0x08             	MOVLW	0x08
0000a4   1683     bsf     0x03, 0x5        	BANKSEL	_ANSEL
0000a5   009f     movwf   0x1f             	MOVWF	_ANSEL
                                           _00117_DS_:
                                           ;	.line	25; "labo1_B83712.c"	if (GP3)
0000a6   1283     bcf     0x03, 0x5        	BANKSEL	_GPIObits
0000a7   1d85     btfss   0x05, 0x3        	BTFSS	_GPIObits,3
0000a8   28a6     goto    0x00a6           	GOTO	_00117_DS_
                                           ;	.line	27; "labo1_B83712.c"	for (result = 1; result < 7; result++)
0000a9   3001     movlw   0x01             	MOVLW	0x01
0000aa   00bc     movwf   0x3c             	MOVWF	r0x1008
0000ab   01bd     clrf    0x3d             	CLRF	r0x1009
                                           ;;unsigned compare: left < lit(0x1=1), size=2
                                           _00119_DS_:
                                           ;	.line	29; "labo1_B83712.c"	switch (result)
0000ac   3000     movlw   0x00             	MOVLW	0x00
0000ad   023d     subwf   0x3d, 0x0        	SUBWF	r0x1009,W
0000ae   1d03     btfss   0x03, 0x2        	BTFSS	STATUS,2
0000af   28b2     goto    0x00b2           	GOTO	_00148_DS_
0000b0   3001     movlw   0x01             	MOVLW	0x01
0000b1   023c     subwf   0x3c, 0x0        	SUBWF	r0x1008,W
                                           _00148_DS_:
0000b2   1c03     btfss   0x03, 0x0        	BTFSS	STATUS,0
0000b3   28e3     goto    0x00e3           	GOTO	_00111_DS_
                                           ;;genSkipc:3307: created from rifx:0x7ffce8dc6ec0
                                           ;;swapping arguments (AOP_TYPEs 1/2)
                                           ;;unsigned compare: left >= lit(0x7=7), size=2
0000b4   3000     movlw   0x00             	MOVLW	0x00
0000b5   023d     subwf   0x3d, 0x0        	SUBWF	r0x1009,W
0000b6   1d03     btfss   0x03, 0x2        	BTFSS	STATUS,2
0000b7   28ba     goto    0x00ba           	GOTO	_00149_DS_
0000b8   3007     movlw   0x07             	MOVLW	0x07
0000b9   023c     subwf   0x3c, 0x0        	SUBWF	r0x1008,W
                                           _00149_DS_:
0000ba   1803     btfsc   0x03, 0x0        	BTFSC	STATUS,0
0000bb   28e3     goto    0x00e3           	GOTO	_00111_DS_
                                           ;;genSkipc:3307: created from rifx:0x7ffce8dc6ec0
0000bc   033c     decf    0x3c, 0x0        	DECF	r0x1008,W
0000bd   00be     movwf   0x3e             	MOVWF	r0x100A
0000be   3000     movlw   0x00             	MOVLW	HIGH(_00150_DS_)
0000bf   008a     movwf   0x0a             	MOVWF	PCLATH
0000c0   30c5     movlw   0xc5             	MOVLW	_00150_DS_
0000c1   073e     addwf   0x3e, 0x0        	ADDWF	r0x100A,W
0000c2   1803     btfsc   0x03, 0x0        	BTFSC	STATUS,0
0000c3   0a8a     incf    0x0a, 0x1        	INCF	PCLATH,F
0000c4   0082     movwf   0x02             	MOVWF	PCL
                                           _00150_DS_:
0000c5   28cb     goto    0x00cb           	GOTO	_00105_DS_
0000c6   28cf     goto    0x00cf           	GOTO	_00106_DS_
0000c7   28d3     goto    0x00d3           	GOTO	_00107_DS_
0000c8   28d7     goto    0x00d7           	GOTO	_00108_DS_
0000c9   28db     goto    0x00db           	GOTO	_00109_DS_
0000ca   28df     goto    0x00df           	GOTO	_00110_DS_
                                           _00105_DS_:
                                           ;	.line	32; "labo1_B83712.c"	GPIO = 0x01;
0000cb   3001     movlw   0x01             	MOVLW	0x01
0000cc   1283     bcf     0x03, 0x5        	BANKSEL	_GPIO
0000cd   0085     movwf   0x05             	MOVWF	_GPIO
                                           ;	.line	33; "labo1_B83712.c"	break;
0000ce   28e6     goto    0x00e6           	GOTO	_00112_DS_
                                           _00106_DS_:
                                           ;	.line	35; "labo1_B83712.c"	GPIO = 0x02;
0000cf   3002     movlw   0x02             	MOVLW	0x02
0000d0   1283     bcf     0x03, 0x5        	BANKSEL	_GPIO
0000d1   0085     movwf   0x05             	MOVWF	_GPIO
                                           ;	.line	36; "labo1_B83712.c"	break;
0000d2   28e6     goto    0x00e6           	GOTO	_00112_DS_
                                           _00107_DS_:
                                           ;	.line	38; "labo1_B83712.c"	GPIO = 0x05;
0000d3   3005     movlw   0x05             	MOVLW	0x05
0000d4   1283     bcf     0x03, 0x5        	BANKSEL	_GPIO
0000d5   0085     movwf   0x05             	MOVWF	_GPIO
                                           ;	.line	39; "labo1_B83712.c"	break;
0000d6   28e6     goto    0x00e6           	GOTO	_00112_DS_
                                           _00108_DS_:
                                           ;	.line	42; "labo1_B83712.c"	GPIO = 0x06; // GPIO = 0x0110
0000d7   3006     movlw   0x06             	MOVLW	0x06
0000d8   1283     bcf     0x03, 0x5        	BANKSEL	_GPIO
0000d9   0085     movwf   0x05             	MOVWF	_GPIO
                                           ;	.line	43; "labo1_B83712.c"	break;
0000da   28e6     goto    0x00e6           	GOTO	_00112_DS_
                                           _00109_DS_:
                                           ;	.line	46; "labo1_B83712.c"	GPIO = 0x07; // 0x0111
0000db   3007     movlw   0x07             	MOVLW	0x07
0000dc   1283     bcf     0x03, 0x5        	BANKSEL	_GPIO
0000dd   0085     movwf   0x05             	MOVWF	_GPIO
                                           ;	.line	47; "labo1_B83712.c"	break;
0000de   28e6     goto    0x00e6           	GOTO	_00112_DS_
                                           _00110_DS_:
                                           ;	.line	50; "labo1_B83712.c"	GPIO = 0x16;
0000df   3016     movlw   0x16             	MOVLW	0x16
0000e0   1283     bcf     0x03, 0x5        	BANKSEL	_GPIO
0000e1   0085     movwf   0x05             	MOVWF	_GPIO
                                           ;	.line	51; "labo1_B83712.c"	break;
0000e2   28e6     goto    0x00e6           	GOTO	_00112_DS_
                                           _00111_DS_:
                                           ;	.line	53; "labo1_B83712.c"	GPIO = 0x31;
0000e3   3031     movlw   0x31             	MOVLW	0x31
0000e4   1283     bcf     0x03, 0x5        	BANKSEL	_GPIO
0000e5   0085     movwf   0x05             	MOVWF	_GPIO
                                           _00112_DS_:
                                           ;	.line	55; "labo1_B83712.c"	delay(time);
0000e6   3096     movlw   0x96             	MOVLW	0x96
0000e7   00af     movwf   0x2f             	MOVWF	STK00
0000e8   3000     movlw   0x00             	MOVLW	0x00
                                           	PAGESEL	_delay
0000e9   212d     call    0x012d           	CALL	_delay
                                           	PAGESEL	$
                                           ;	.line	56; "labo1_B83712.c"	GPIO = 0x00;
0000ea   1283     bcf     0x03, 0x5        	BANKSEL	_GPIO
0000eb   0185     clrf    0x05             	CLRF	_GPIO
                                           ;	.line	27; "labo1_B83712.c"	for (result = 1; result < 7; result++)
0000ec   0abc     incf    0x3c, 0x1        	INCF	r0x1008,F
0000ed   1903     btfsc   0x03, 0x2        	BTFSC	STATUS,2
0000ee   0abd     incf    0x3d, 0x1        	INCF	r0x1009,F
                                           ;;unsigned compare: left < lit(0x7=7), size=2
0000ef   3000     movlw   0x00             	MOVLW	0x00
0000f0   023d     subwf   0x3d, 0x0        	SUBWF	r0x1009,W
0000f1   1d03     btfss   0x03, 0x2        	BTFSS	STATUS,2
0000f2   28f5     goto    0x00f5           	GOTO	_00151_DS_
0000f3   3007     movlw   0x07             	MOVLW	0x07
0000f4   023c     subwf   0x3c, 0x0        	SUBWF	r0x1008,W
                                           _00151_DS_:
0000f5   1c03     btfss   0x03, 0x0        	BTFSS	STATUS,0
0000f6   28ac     goto    0x00ac           	GOTO	_00119_DS_
                                           ;;genSkipc:3307: created from rifx:0x7ffce8dc6ec0
0000f7   28a6     goto    0x00a6           	GOTO	_00117_DS_
                                           ;	.line	61; "labo1_B83712.c"	}
0000f8   0008     return                   	RETURN	
                                           ; exit point of _main
                                           
                                           ;***
                                           ;  pBlock Stats: dbName = C
                                           ;***
                                           ;has an exit
                                           ;9 compiler assigned registers:
                                           ;   r0x1000
                                           ;   STK00
                                           ;   r0x1001
                                           ;   r0x1002
                                           ;   r0x1003
                                           ;   r0x1004
                                           ;   r0x1005
                                           ;   r0x1006
                                           ;   r0x1007
                                           ;; Starting pCode block
                                           S_labo1_B83712__delay	code
                                           _delay:
                                           ; 2 exit points
                                           ;	.line	63; "labo1_B83712.c"	void delay(unsigned int tiempo)
00012d   00c0     movwf   0x40             	MOVWF	r0x1000
00012e   082f     movf    0x2f, 0x0        	MOVF	STK00,W
00012f   00bf     movwf   0x3f             	MOVWF	r0x1001
                                           ;	.line	68; "labo1_B83712.c"	for (i = 0; i < tiempo; i++)
000130   01c1     clrf    0x41             	CLRF	r0x1002
000131   01c2     clrf    0x42             	CLRF	r0x1003
                                           _00162_DS_:
000132   0840     movf    0x40, 0x0        	MOVF	r0x1000,W
000133   0242     subwf   0x42, 0x0        	SUBWF	r0x1003,W
000134   1d03     btfss   0x03, 0x2        	BTFSS	STATUS,2
000135   2938     goto    0x0138           	GOTO	_00183_DS_
000136   083f     movf    0x3f, 0x0        	MOVF	r0x1001,W
000137   0241     subwf   0x41, 0x0        	SUBWF	r0x1002,W
                                           _00183_DS_:
000138   1803     btfsc   0x03, 0x0        	BTFSC	STATUS,0
000139   2953     goto    0x0153           	GOTO	_00164_DS_
                                           ;;genSkipc:3307: created from rifx:0x7ffce8dc6ec0
                                           ;	.line	69; "labo1_B83712.c"	for (j = 0; j < 1275; j++)
00013a   30fb     movlw   0xfb             	MOVLW	0xfb
00013b   00c3     movwf   0x43             	MOVWF	r0x1004
00013c   3004     movlw   0x04             	MOVLW	0x04
00013d   00c4     movwf   0x44             	MOVWF	r0x1005
                                           _00160_DS_:
00013e   30ff     movlw   0xff             	MOVLW	0xff
00013f   0743     addwf   0x43, 0x0        	ADDWF	r0x1004,W
000140   00c5     movwf   0x45             	MOVWF	r0x1006
000141   30ff     movlw   0xff             	MOVLW	0xff
000142   00c6     movwf   0x46             	MOVWF	r0x1007
000143   0844     movf    0x44, 0x0        	MOVF	r0x1005,W
000144   1803     btfsc   0x03, 0x0        	BTFSC	STATUS,0
000145   0f44     incfsz  0x44, 0x0        	INCFSZ	r0x1005,W
000146   07c6     addwf   0x46, 0x1        	ADDWF	r0x1007,F
000147   0845     movf    0x45, 0x0        	MOVF	r0x1006,W
000148   00c3     movwf   0x43             	MOVWF	r0x1004
000149   0846     movf    0x46, 0x0        	MOVF	r0x1007,W
00014a   00c4     movwf   0x44             	MOVWF	r0x1005
00014b   0846     movf    0x46, 0x0        	MOVF	r0x1007,W
00014c   0445     iorwf   0x45, 0x0        	IORWF	r0x1006,W
00014d   1d03     btfss   0x03, 0x2        	BTFSS	STATUS,2
00014e   293e     goto    0x013e           	GOTO	_00160_DS_
                                           ;	.line	68; "labo1_B83712.c"	for (i = 0; i < tiempo; i++)
00014f   0ac1     incf    0x41, 0x1        	INCF	r0x1002,F
000150   1903     btfsc   0x03, 0x2        	BTFSC	STATUS,2
000151   0ac2     incf    0x42, 0x1        	INCF	r0x1003,F
000152   2932     goto    0x0132           	GOTO	_00162_DS_
                                           _00164_DS_:
                                           ;	.line	71; "labo1_B83712.c"	}
000153   0008     return                   	RETURN	
                                           ; exit point of _delay
                                           
                                           
                                           ;	code size estimation:
                                           ;	  118+   14 =   132 instructions (  292 byte)
                                           
                                           	end
