gplink-1.4.0 #1107 (Apr  3 2018)
Copyright (c) 1998-2014 gputils project
Listing File Generated: 4-3-2024  18:03:12
 
 
Address  Value    Disassembly              Source
-------  -----    -----------              ------
                                           ;--------------------------------------------------------
                                           ; File Created by SDCC : free open source ANSI-C Compiler
                                           ; Version 4.0.0 #11528 (Linux)
                                           ;--------------------------------------------------------
                                           ; PIC port for the 14-bit core
                                           ;--------------------------------------------------------
                                           ;	.file	"labo1_B83712.c"
                                           	list	p=12f675
                                           	radix dec
                                           	include "p12f675.inc"
                                                   LIST
                                           
                                           ;==========================================================================
                                           ; Build date : Aug 07 2014
                                           ;  MPASM PIC12F675 processor include
                                           ; 
                                           ;  (c) Copyright 1999-2014 Microchip Technology, All rights reserved
                                           ;==========================================================================
                                           
                                                   NOLIST
                                           ;--------------------------------------------------------
                                           ; config word(s)
                                           ;--------------------------------------------------------
002007   3fd7     addlw   0xd7             	__config 0x3fd7
                                           ;--------------------------------------------------------
                                           ; external declarations
                                           ;--------------------------------------------------------
                                           	extern	_ANSEL
                                           	extern	_TRISIO
                                           	extern	_GPIO
                                           	extern	_GPIObits
                                           	extern	__sdcc_gsinit_startup
                                           ;--------------------------------------------------------
                                           ; global declarations
                                           ;--------------------------------------------------------
                                           	global	_main
                                           	global	_delay
                                           
                                           	global PSAVE
                                           	global SSAVE
                                           	global WSAVE
                                           	global STK12
                                           	global STK11
                                           	global STK10
                                           	global STK09
                                           	global STK08
                                           	global STK07
                                           	global STK06
                                           	global STK05
                                           	global STK04
                                           	global STK03
                                           	global STK02
                                           	global STK01
                                           	global STK00
                                           
                                           sharebank udata_ovr 0x0020
                                           PSAVE	res 1
                                           SSAVE	res 1
                                           WSAVE	res 1
                                           STK12	res 1
                                           STK11	res 1
                                           STK10	res 1
                                           STK09	res 1
                                           STK08	res 1
                                           STK07	res 1
                                           STK06	res 1
                                           STK05	res 1
                                           STK04	res 1
                                           STK03	res 1
                                           STK02	res 1
                                           STK01	res 1
                                           STK00	res 1
                                           
                                           ;--------------------------------------------------------
                                           ; global definitions
                                           ;--------------------------------------------------------
                                           ;--------------------------------------------------------
                                           ; absolute symbol definitions
                                           ;--------------------------------------------------------
                                           ;--------------------------------------------------------
                                           ; compiler-defined variables
                                           ;--------------------------------------------------------
                                           UDL_labo1_B83712_0	udata
                                           r0x1008	res	1
                                           r0x1001	res	1
                                           r0x1000	res	1
                                           r0x1002	res	1
                                           r0x1003	res	1
                                           r0x1004	res	1
                                           r0x1005	res	1
                                           r0x1006	res	1
                                           r0x1007	res	1
                                           ;--------------------------------------------------------
                                           ; initialized data
                                           ;--------------------------------------------------------
                                           ;--------------------------------------------------------
                                           ; initialized absolute data
                                           ;--------------------------------------------------------
                                           ;--------------------------------------------------------
                                           ; overlayable items in internal ram 
                                           ;--------------------------------------------------------
                                           ;	udata_ovr
                                           ;--------------------------------------------------------
                                           ; reset vector 
                                           ;--------------------------------------------------------
                                           STARTUP	code 0x0000
000000   0000     nop                      	nop
                                           	pagesel __sdcc_gsinit_startup
000001   2802     goto    0x0002           	goto	__sdcc_gsinit_startup
                                           ;--------------------------------------------------------
                                           ; code
                                           ;--------------------------------------------------------
                                           code_labo1_B83712	code
                                           ;***
                                           ;  pBlock Stats: dbName = M
                                           ;***
                                           ;has an exit
                                           ;functions called:
                                           ;   _delay
                                           ;   _delay
                                           ;   _delay
                                           ;   _delay
                                           ;2 compiler assigned registers:
                                           ;   r0x1008
                                           ;   STK00
                                           ;; Starting pCode block
                                           S_labo1_B83712__main	code
                                           _main:
                                           ; 2 exit points
                                           ;	.line	14; "labo1_B83712.c"	TRISIO = 0b00001000; // Poner todos los pines como salidas
00009e   3008     movlw   0x08             	MOVLW	0x08
00009f   1683     bsf     0x03, 0x5        	BANKSEL	_TRISIO
0000a0   0085     movwf   0x05             	MOVWF	_TRISIO
                                           ;	.line	15; "labo1_B83712.c"	GPIO = 0x00;		 // Poner pines en bajo
0000a1   1283     bcf     0x03, 0x5        	BANKSEL	_GPIO
0000a2   0185     clrf    0x05             	CLRF	_GPIO
                                           ;	.line	16; "labo1_B83712.c"	ANSEL = 0b00001000;
0000a3   3008     movlw   0x08             	MOVLW	0x08
0000a4   1683     bsf     0x03, 0x5        	BANKSEL	_ANSEL
0000a5   009f     movwf   0x1f             	MOVWF	_ANSEL
                                           _00116_DS_:
                                           ;	.line	25; "labo1_B83712.c"	if (GP3)
0000a6   1283     bcf     0x03, 0x5        	BANKSEL	_GPIObits
0000a7   1d85     btfss   0x05, 0x3        	BTFSS	_GPIObits,3
0000a8   28a6     goto    0x00a6           	GOTO	_00116_DS_
                                           ;	.line	29; "labo1_B83712.c"	switch (result)
0000a9   3003     movlw   0x03             	MOVLW	0x03
0000aa   00bc     movwf   0x3c             	MOVWF	r0x1008
0000ab   3000     movlw   0x00             	MOVLW	HIGH(_00130_DS_)
0000ac   008a     movwf   0x0a             	MOVWF	PCLATH
0000ad   30b2     movlw   0xb2             	MOVLW	_00130_DS_
0000ae   073c     addwf   0x3c, 0x0        	ADDWF	r0x1008,W
0000af   1803     btfsc   0x03, 0x0        	BTFSC	STATUS,0
0000b0   0a8a     incf    0x0a, 0x1        	INCF	PCLATH,F
0000b1   0082     movwf   0x02             	MOVWF	PCL
                                           _00130_DS_:
0000b2   28b8     goto    0x00b8           	GOTO	_00105_DS_
0000b3   28bc     goto    0x00bc           	GOTO	_00106_DS_
0000b4   28c0     goto    0x00c0           	GOTO	_00107_DS_
0000b5   28c4     goto    0x00c4           	GOTO	_00108_DS_
0000b6   28c8     goto    0x00c8           	GOTO	_00109_DS_
0000b7   28cc     goto    0x00cc           	GOTO	_00110_DS_
                                           _00105_DS_:
                                           ;	.line	32; "labo1_B83712.c"	GPIO = 0x01;
0000b8   3001     movlw   0x01             	MOVLW	0x01
0000b9   1283     bcf     0x03, 0x5        	BANKSEL	_GPIO
0000ba   0085     movwf   0x05             	MOVWF	_GPIO
                                           ;	.line	33; "labo1_B83712.c"	break;
0000bb   28cf     goto    0x00cf           	GOTO	_00112_DS_
                                           _00106_DS_:
                                           ;	.line	35; "labo1_B83712.c"	GPIO = 0x02;
0000bc   3002     movlw   0x02             	MOVLW	0x02
0000bd   1283     bcf     0x03, 0x5        	BANKSEL	_GPIO
0000be   0085     movwf   0x05             	MOVWF	_GPIO
                                           ;	.line	36; "labo1_B83712.c"	break;
0000bf   28cf     goto    0x00cf           	GOTO	_00112_DS_
                                           _00107_DS_:
                                           ;	.line	38; "labo1_B83712.c"	GPIO = 0x05;
0000c0   3005     movlw   0x05             	MOVLW	0x05
0000c1   1283     bcf     0x03, 0x5        	BANKSEL	_GPIO
0000c2   0085     movwf   0x05             	MOVWF	_GPIO
                                           ;	.line	39; "labo1_B83712.c"	break;
0000c3   28cf     goto    0x00cf           	GOTO	_00112_DS_
                                           _00108_DS_:
                                           ;	.line	42; "labo1_B83712.c"	GPIO = 0x06; // GPIO = 0x0110
0000c4   3006     movlw   0x06             	MOVLW	0x06
0000c5   1283     bcf     0x03, 0x5        	BANKSEL	_GPIO
0000c6   0085     movwf   0x05             	MOVWF	_GPIO
                                           ;	.line	43; "labo1_B83712.c"	break;
0000c7   28cf     goto    0x00cf           	GOTO	_00112_DS_
                                           _00109_DS_:
                                           ;	.line	46; "labo1_B83712.c"	GPIO = 0x07; // 0x0111
0000c8   3007     movlw   0x07             	MOVLW	0x07
0000c9   1283     bcf     0x03, 0x5        	BANKSEL	_GPIO
0000ca   0085     movwf   0x05             	MOVWF	_GPIO
                                           ;	.line	47; "labo1_B83712.c"	break;
0000cb   28cf     goto    0x00cf           	GOTO	_00112_DS_
                                           _00110_DS_:
                                           ;	.line	50; "labo1_B83712.c"	GPIO = 0x16;
0000cc   3016     movlw   0x16             	MOVLW	0x16
0000cd   1283     bcf     0x03, 0x5        	BANKSEL	_GPIO
0000ce   0085     movwf   0x05             	MOVWF	_GPIO
                                           _00112_DS_:
                                           ;	.line	55; "labo1_B83712.c"	delay(time);
0000cf   3078     movlw   0x78             	MOVLW	0x78
0000d0   00af     movwf   0x2f             	MOVWF	STK00
0000d1   3000     movlw   0x00             	MOVLW	0x00
                                           	PAGESEL	_delay
0000d2   210f     call    0x010f           	CALL	_delay
                                           	PAGESEL	$
                                           ;	.line	56; "labo1_B83712.c"	GPIO = 0x00;
0000d3   1283     bcf     0x03, 0x5        	BANKSEL	_GPIO
0000d4   0185     clrf    0x05             	CLRF	_GPIO
                                           ;	.line	57; "labo1_B83712.c"	delay(time);
0000d5   3078     movlw   0x78             	MOVLW	0x78
0000d6   00af     movwf   0x2f             	MOVWF	STK00
0000d7   3000     movlw   0x00             	MOVLW	0x00
                                           	PAGESEL	_delay
0000d8   210f     call    0x010f           	CALL	_delay
                                           	PAGESEL	$
0000d9   28a6     goto    0x00a6           	GOTO	_00116_DS_
                                           ;	.line	61; "labo1_B83712.c"	}
0000da   0008     return                   	RETURN	
                                           ; exit point of _main
                                           
                                           ;***
                                           ;  pBlock Stats: dbName = C
                                           ;***
                                           ;has an exit
                                           ;9 compiler assigned registers:
                                           ;   r0x1000
                                           ;   STK00
                                           ;   r0x1001
                                           ;   r0x1002
                                           ;   r0x1003
                                           ;   r0x1004
                                           ;   r0x1005
                                           ;   r0x1006
                                           ;   r0x1007
                                           ;; Starting pCode block
                                           S_labo1_B83712__delay	code
                                           _delay:
                                           ; 2 exit points
                                           ;	.line	63; "labo1_B83712.c"	void delay(unsigned int tiempo)
00010f   00be     movwf   0x3e             	MOVWF	r0x1000
000110   082f     movf    0x2f, 0x0        	MOVF	STK00,W
000111   00bd     movwf   0x3d             	MOVWF	r0x1001
                                           ;	.line	68; "labo1_B83712.c"	for (i = 0; i < tiempo; i++)
000112   01bf     clrf    0x3f             	CLRF	r0x1002
000113   01c0     clrf    0x40             	CLRF	r0x1003
                                           _00141_DS_:
000114   083e     movf    0x3e, 0x0        	MOVF	r0x1000,W
000115   0240     subwf   0x40, 0x0        	SUBWF	r0x1003,W
000116   1d03     btfss   0x03, 0x2        	BTFSS	STATUS,2
000117   291a     goto    0x011a           	GOTO	_00162_DS_
000118   083d     movf    0x3d, 0x0        	MOVF	r0x1001,W
000119   023f     subwf   0x3f, 0x0        	SUBWF	r0x1002,W
                                           _00162_DS_:
00011a   1803     btfsc   0x03, 0x0        	BTFSC	STATUS,0
00011b   2935     goto    0x0135           	GOTO	_00143_DS_
                                           ;;genSkipc:3307: created from rifx:0x7ffdb6468a90
                                           ;	.line	69; "labo1_B83712.c"	for (j = 0; j < 1275; j++)
00011c   30fb     movlw   0xfb             	MOVLW	0xfb
00011d   00c1     movwf   0x41             	MOVWF	r0x1004
00011e   3004     movlw   0x04             	MOVLW	0x04
00011f   00c2     movwf   0x42             	MOVWF	r0x1005
                                           _00139_DS_:
000120   30ff     movlw   0xff             	MOVLW	0xff
000121   0741     addwf   0x41, 0x0        	ADDWF	r0x1004,W
000122   00c3     movwf   0x43             	MOVWF	r0x1006
000123   30ff     movlw   0xff             	MOVLW	0xff
000124   00c4     movwf   0x44             	MOVWF	r0x1007
000125   0842     movf    0x42, 0x0        	MOVF	r0x1005,W
000126   1803     btfsc   0x03, 0x0        	BTFSC	STATUS,0
000127   0f42     incfsz  0x42, 0x0        	INCFSZ	r0x1005,W
000128   07c4     addwf   0x44, 0x1        	ADDWF	r0x1007,F
000129   0843     movf    0x43, 0x0        	MOVF	r0x1006,W
00012a   00c1     movwf   0x41             	MOVWF	r0x1004
00012b   0844     movf    0x44, 0x0        	MOVF	r0x1007,W
00012c   00c2     movwf   0x42             	MOVWF	r0x1005
00012d   0844     movf    0x44, 0x0        	MOVF	r0x1007,W
00012e   0443     iorwf   0x43, 0x0        	IORWF	r0x1006,W
00012f   1d03     btfss   0x03, 0x2        	BTFSS	STATUS,2
000130   2920     goto    0x0120           	GOTO	_00139_DS_
                                           ;	.line	68; "labo1_B83712.c"	for (i = 0; i < tiempo; i++)
000131   0abf     incf    0x3f, 0x1        	INCF	r0x1002,F
000132   1903     btfsc   0x03, 0x2        	BTFSC	STATUS,2
000133   0ac0     incf    0x40, 0x1        	INCF	r0x1003,F
000134   2914     goto    0x0114           	GOTO	_00141_DS_
                                           _00143_DS_:
                                           ;	.line	71; "labo1_B83712.c"	}
000135   0008     return                   	RETURN	
                                           ; exit point of _delay
                                           
                                           
                                           ;	code size estimation:
                                           ;	   89+   15 =   104 instructions (  238 byte)
                                           
                                           	end
